<h4>Задание 2.</h4>

Не могут. Жесткие ссылки имеют ту же информацию inode и разрешения, что у оригинального файла. 
А вот у символических ссылок, права доступа могут отличаться.

<hr>
<h4>Задание 4.</h4>

```bash
root@vagrant:/home/vagrant# fdisk /dev/sdb

Welcome to fdisk (util-linux 2.34).
Changes will remain in memory only, until you decide to write them.
Be careful before using the write command.

Device does not contain a recognized partition table.
Created a new DOS disklabel with disk identifier 0x8eb80991.

Command (m for help): p
Disk /dev/sdb: 2.51 GiB, 2684354560 bytes, 5242880 sectors
Disk model: VBOX HARDDISK   
Units: sectors of 1 * 512 = 512 bytes
Sector size (logical/physical): 512 bytes / 512 bytes
I/O size (minimum/optimal): 512 bytes / 512 bytes
Disklabel type: dos
Disk identifier: 0x8eb80991

Command (m for help): n
Partition type
   p   primary (0 primary, 0 extended, 4 free)
   e   extended (container for logical partitions)
Select (default p): 

Using default response p.
Partition number (1-4, default 1): 
First sector (2048-5242879, default 2048): 
Last sector, +/-sectors or +/-size{K,M,G,T,P} (2048-5242879, default 5242879): +2GB

Created a new partition 1 of type 'Linux' and of size 1.9 GiB.

Command (m for help): n
Partition type
   p   primary (1 primary, 0 extended, 3 free)
   e   extended (container for logical partitions)
Select (default p): 

Using default response p.
Partition number (2-4, default 2): 
First sector (3907584-5242879, default 3907584): 
Last sector, +/-sectors or +/-size{K,M,G,T,P} (3907584-5242879, default 5242879): 

Created a new partition 2 of type 'Linux' and of size 652 MiB.

Command (m for help): w
The partition table has been altered.
Calling ioctl() to re-read partition table.
Syncing disks.

root@vagrant:/home/vagrant# fdisk -l /dev/sdb
Disk /dev/sdb: 2.51 GiB, 2684354560 bytes, 5242880 sectors
Disk model: VBOX HARDDISK   
Units: sectors of 1 * 512 = 512 bytes
Sector size (logical/physical): 512 bytes / 512 bytes
I/O size (minimum/optimal): 512 bytes / 512 bytes
Disklabel type: dos
Disk identifier: 0x8eb80991

Device     Boot   Start     End Sectors  Size Id Type
/dev/sdb1          2048 3907583 3905536  1.9G 83 Linux
/dev/sdb2       3907584 5242879 1335296  652M 83 Linux
root@vagrant:/home/vagrant# lsblk
NAME                 MAJ:MIN RM  SIZE RO TYPE MOUNTPOINT
sda                    8:0    0   64G  0 disk 
├─sda1                 8:1    0  512M  0 part /boot/efi
├─sda2                 8:2    0    1K  0 part 
└─sda5                 8:5    0 63.5G  0 part 
  ├─vgvagrant-root   253:0    0 62.6G  0 lvm  /
  └─vgvagrant-swap_1 253:1    0  980M  0 lvm  [SWAP]
sdb                    8:16   0  2.5G  0 disk 
├─sdb1                 8:17   0  1.9G  0 part 
└─sdb2                 8:18   0  652M  0 part 
sdc                    8:32   0  2.5G  0 disk 
```
<hr>
<h4>Задание 5.</h4>

```bash
root@vagrant:/home/vagrant# sfdisk -d /dev/sdb | sfdisk /dev/sdc
Checking that no-one is using this disk right now ... OK

Disk /dev/sdc: 2.51 GiB, 2684354560 bytes, 5242880 sectors
Disk model: VBOX HARDDISK   
Units: sectors of 1 * 512 = 512 bytes
Sector size (logical/physical): 512 bytes / 512 bytes
I/O size (minimum/optimal): 512 bytes / 512 bytes

>>> Script header accepted.
>>> Script header accepted.
>>> Script header accepted.
>>> Script header accepted.
>>> Created a new DOS disklabel with disk identifier 0x8eb80991.
/dev/sdc1: Created a new partition 1 of type 'Linux' and of size 1.9 GiB.
/dev/sdc2: Created a new partition 2 of type 'Linux' and of size 652 MiB.
/dev/sdc3: Done.

New situation:
Disklabel type: dos
Disk identifier: 0x8eb80991

Device     Boot   Start     End Sectors  Size Id Type
/dev/sdc1          2048 3907583 3905536  1.9G 83 Linux
/dev/sdc2       3907584 5242879 1335296  652M 83 Linux

The partition table has been altered.
Calling ioctl() to re-read partition table.
Syncing disks.
root@vagrant:/home/vagrant# lsblk
NAME                 MAJ:MIN RM  SIZE RO TYPE MOUNTPOINT
sda                    8:0    0   64G  0 disk 
├─sda1                 8:1    0  512M  0 part /boot/efi
├─sda2                 8:2    0    1K  0 part 
└─sda5                 8:5    0 63.5G  0 part 
  ├─vgvagrant-root   253:0    0 62.6G  0 lvm  /
  └─vgvagrant-swap_1 253:1    0  980M  0 lvm  [SWAP]
sdb                    8:16   0  2.5G  0 disk 
├─sdb1                 8:17   0  1.9G  0 part 
└─sdb2                 8:18   0  652M  0 part 
sdc                    8:32   0  2.5G  0 disk 
├─sdc1                 8:33   0  1.9G  0 part 
└─sdc2                 8:34   0  652M  0 part 
```
<hr>
<h4>Задание 6.</h4>

```bash
root@vagrant:/home/vagrant# mdadm --create --verbose /dev/md0 --level=raid1 --raid-devices=2 /dev/sdb1 /dev/sdc1
mdadm: Note: this array has metadata at the start and
    may not be suitable as a boot device.  If you plan to
    store '/boot' on this device please ensure that
    your boot-loader understands md/v1.x metadata, or use
    --metadata=0.90
mdadm: size set to 1950720K
Continue creating array? y
mdadm: Defaulting to version 1.2 metadata
mdadm: array /dev/md0 started.
root@vagrant:/home/vagrant# lsblk
NAME                 MAJ:MIN RM  SIZE RO TYPE  MOUNTPOINT
sda                    8:0    0   64G  0 disk  
├─sda1                 8:1    0  512M  0 part  /boot/efi
├─sda2                 8:2    0    1K  0 part  
└─sda5                 8:5    0 63.5G  0 part  
  ├─vgvagrant-root   253:0    0 62.6G  0 lvm   /
  └─vgvagrant-swap_1 253:1    0  980M  0 lvm   [SWAP]
sdb                    8:16   0  2.5G  0 disk  
├─sdb1                 8:17   0  1.9G  0 part  
│ └─md0                9:0    0  1.9G  0 raid1 
└─sdb2                 8:18   0  652M  0 part  
sdc                    8:32   0  2.5G  0 disk  
├─sdc1                 8:33   0  1.9G  0 part  
│ └─md0                9:0    0  1.9G  0 raid1 
└─sdc2                 8:34   0  652M  0 part  
```
<hr>
<h4>Задание 7.</h4>

```bash
root@vagrant:/home/vagrant# mdadm --create --verbose /dev/md1 --level=raid0 --raid-devices=2 /dev/sdb2 /dev/sdc2
mdadm: chunk size defaults to 512K
mdadm: Defaulting to version 1.2 metadata
mdadm: array /dev/md1 started.
root@vagrant:/home/vagrant# lsblk
NAME                 MAJ:MIN RM  SIZE RO TYPE  MOUNTPOINT
sda                    8:0    0   64G  0 disk  
├─sda1                 8:1    0  512M  0 part  /boot/efi
├─sda2                 8:2    0    1K  0 part  
└─sda5                 8:5    0 63.5G  0 part  
  ├─vgvagrant-root   253:0    0 62.6G  0 lvm   /
  └─vgvagrant-swap_1 253:1    0  980M  0 lvm   [SWAP]
sdb                    8:16   0  2.5G  0 disk  
├─sdb1                 8:17   0  1.9G  0 part  
│ └─md0                9:0    0  1.9G  0 raid1 
└─sdb2                 8:18   0  652M  0 part  
  └─md1                9:1    0  1.3G  0 raid0 
sdc                    8:32   0  2.5G  0 disk  
├─sdc1                 8:33   0  1.9G  0 part  
│ └─md0                9:0    0  1.9G  0 raid1 
└─sdc2                 8:34   0  652M  0 part  
  └─md1                9:1    0  1.3G  0 raid0 
```
```bash
root@vagrant:/home/vagrant# cat /proc/mdstat
Personalities : [linear] [multipath] [raid0] [raid1] [raid6] [raid5] [raid4] [raid10] 
md1 : active raid0 sdc2[1] sdb2[0]
      1331200 blocks super 1.2 512k chunks
      
md0 : active raid1 sdc1[1] sdb1[0]
      1950720 blocks super 1.2 [2/2] [UU]
      
unused devices: <none>
```
<hr>
<h4>Задание 8.</h4>

```bash
root@vagrant:/home/vagrant# pvcreate /dev/md0
  Physical volume "/dev/md0" successfully created.
root@vagrant:/home/vagrant# pvcreate /dev/md1
  Physical volume "/dev/md1" successfully created.
root@vagrant:/home/vagrant# pvs
  PV         VG        Fmt  Attr PSize   PFree 
  /dev/md0             lvm2 ---    1.86g  1.86g
  /dev/md1             lvm2 ---   <1.27g <1.27g
  /dev/sda5  vgvagrant lvm2 a--  <63.50g  
```
<hr>
<h4>Задание 9.</h4>

```bash
root@vagrant:/home/vagrant# vgcreate test_vg /dev/md0 /dev/md1
  Volume group "test_vg" successfully created
root@vagrant:/home/vagrant# vgs
  VG        #PV #LV #SN Attr   VSize   VFree
  test_vg     2   0   0 wz--n-   3.12g 3.12g
  vgvagrant   1   2   0 wz--n- <63.50g    0
```
<hr>
<h4>Задание 10.</h4>

```bash
root@vagrant:/home/vagrant# lvcreate -L 100M test_vg /dev/md1
  Logical volume "lvol0" created.
root@vagrant:/home/vagrant# lvs
  LV     VG        Attr       LSize   Pool Origin Data%  Meta%  Move Log Cpy%Sync Convert
  lvol0  test_vg   -wi-a----- 100.00m                                                    
  root   vgvagrant -wi-ao---- <62.54g                                                    
  swap_1 vgvagrant -wi-ao---- 980.00m     
```
<hr>
<h4>Задание 11.</h4>

```bash
root@vagrant:/home/vagrant# mkfs.ext4 /dev/test_vg/lvol0
mke2fs 1.45.5 (07-Jan-2020)
Creating filesystem with 25600 4k blocks and 25600 inodes

Allocating group tables: done                            
Writing inode tables: done                            
Creating journal (1024 blocks): done
Writing superblocks and filesystem accounting information: done
```
<hr>
<h4>Задание 12.</h4>

```bash
root@vagrant:/home/vagrant# mount /dev/test_vg/lvol0 /tmp/new
root@vagrant:/home/vagrant# df -hT
Filesystem                 Type      Size  Used Avail Use% Mounted on
udev                       devtmpfs  447M     0  447M   0% /dev
tmpfs                      tmpfs      99M  708K   98M   1% /run
/dev/mapper/vgvagrant-root ext4       62G  1.5G   57G   3% /
tmpfs                      tmpfs     491M     0  491M   0% /dev/shm
tmpfs                      tmpfs     5.0M     0  5.0M   0% /run/lock
tmpfs                      tmpfs     491M     0  491M   0% /sys/fs/cgroup
/dev/sda1                  vfat      511M  4.0K  511M   1% /boot/efi
vagrant                    vboxsf    932G   80G  853G   9% /vagrant
tmpfs                      tmpfs      99M     0   99M   0% /run/user/1000
/dev/mapper/test_vg-lvol0  ext4       93M   72K   86M   1% /tmp/new
```
<hr>
<h4>Задание 13.</h4>

```bash
root@vagrant:/home/vagrant# wget https://mirror.yandex.ru/ubuntu/ls-lR.gz -O /tmp/new/test.gz
--2021-09-13 13:03:38--  https://mirror.yandex.ru/ubuntu/ls-lR.gz
Resolving mirror.yandex.ru (mirror.yandex.ru)... 213.180.204.183, 2a02:6b8::183
Connecting to mirror.yandex.ru (mirror.yandex.ru)|213.180.204.183|:443... connected.
HTTP request sent, awaiting response... 200 OK
Length: 20979432 (20M) [application/octet-stream]
Saving to: ‘/tmp/new/test.gz’

/tmp/new/test.gz                                             100%[===========================================================================================================================================>]  20.01M  9.09MB/s    in 2.2s    

2021-09-13 13:03:40 (9.09 MB/s) - ‘/tmp/new/test.gz’ saved [20979432/20979432]

root@vagrant:/home/vagrant# ls /tmp/new
lost+found  test.gz
```
<hr>
<h4>Задание 14.</h4>

```bash
root@vagrant:/home/vagrant# lsblk
NAME                 MAJ:MIN RM  SIZE RO TYPE  MOUNTPOINT
sda                    8:0    0   64G  0 disk  
├─sda1                 8:1    0  512M  0 part  /boot/efi
├─sda2                 8:2    0    1K  0 part  
└─sda5                 8:5    0 63.5G  0 part  
  ├─vgvagrant-root   253:0    0 62.6G  0 lvm   /
  └─vgvagrant-swap_1 253:1    0  980M  0 lvm   [SWAP]
sdb                    8:16   0  2.5G  0 disk  
├─sdb1                 8:17   0  1.9G  0 part  
│ └─md0                9:0    0  1.9G  0 raid1 
└─sdb2                 8:18   0  652M  0 part  
  └─md1                9:1    0  1.3G  0 raid0 
    └─test_vg-lvol0  253:2    0  100M  0 lvm   /tmp/new
sdc                    8:32   0  2.5G  0 disk  
├─sdc1                 8:33   0  1.9G  0 part  
│ └─md0                9:0    0  1.9G  0 raid1 
└─sdc2                 8:34   0  652M  0 part  
  └─md1                9:1    0  1.3G  0 raid0 
    └─test_vg-lvol0  253:2    0  100M  0 lvm   /tmp/new
```
<hr>
<h4>Задание 15.</h4>

```bash
root@vagrant:/home/vagrant# gzip -t /tmp/new/test.gz
root@vagrant:/home/vagrant# echo $?
0
```
<hr>
<h4>Задание 16.</h4>

```bash
root@vagrant:/home/vagrant# pvmove /dev/md1 /dev/md0
  /dev/md1: Moved: 8.00%
  /dev/md1: Moved: 100.00%
root@vagrant:/home/vagrant# lsblk
NAME                 MAJ:MIN RM  SIZE RO TYPE  MOUNTPOINT
sda                    8:0    0   64G  0 disk  
├─sda1                 8:1    0  512M  0 part  /boot/efi
├─sda2                 8:2    0    1K  0 part  
└─sda5                 8:5    0 63.5G  0 part  
  ├─vgvagrant-root   253:0    0 62.6G  0 lvm   /
  └─vgvagrant-swap_1 253:1    0  980M  0 lvm   [SWAP]
sdb                    8:16   0  2.5G  0 disk  
├─sdb1                 8:17   0  1.9G  0 part  
│ └─md0                9:0    0  1.9G  0 raid1 
│   └─test_vg-lvol0  253:2    0  100M  0 lvm   /tmp/new
└─sdb2                 8:18   0  652M  0 part  
  └─md1                9:1    0  1.3G  0 raid0 
sdc                    8:32   0  2.5G  0 disk  
├─sdc1                 8:33   0  1.9G  0 part  
│ └─md0                9:0    0  1.9G  0 raid1 
│   └─test_vg-lvol0  253:2    0  100M  0 lvm   /tmp/new
└─sdc2                 8:34   0  652M  0 part  
  └─md1                9:1    0  1.3G  0 raid0 
```
<hr>
<h4>Задание 17.</h4>

```bash
root@vagrant:/home/vagrant# mdadm --fail /dev/md0 /dev/sdc1
mdadm: set /dev/sdc1 faulty in /dev/md0
```
<hr>
<h4>Задание 18.</h4>

```bash
[ 6008.495574] md/raid1:md0: Disk failure on sdc1, disabling device.
               md/raid1:md0: Operation continuing on 1 devices.
```
<hr>
<h4>Задание 19.</h4>

```bash
root@vagrant:/home/vagrant# gzip -t /tmp/new/test.gz
root@vagrant:/home/vagrant# echo $?
0
```